C51 COMPILER V9.60.0.0   LMX2592                                                           04/27/2020 20:53:11 PAGE 1   


C51 COMPILER V9.60.0.0, COMPILATION OF MODULE LMX2592
OBJECT MODULE PLACED IN .\lmx2592.OBJ
COMPILER INVOKED BY: d:\SiliconLabs\SimplicityStudio\v4\developer\toolchains\keil_8051\9.60\BIN\C51.exe F:\simplicity_st
                    -udo_workspace\F31x_Blinky_2\lmx2592.c OMF2 SMALL DEBUG OBJECTEXTEND ROM(LARGE) WARNINGLEVEL(2) FLOATFUZZY(3) OPTIMIZE(8,
                    -SPEED) INTVECTOR(0X0000) INTPROMOTE INCDIR(D:/SiliconLabs/SimplicityStudio/v4/developer/sdks/8051/v4.1.7//Device/shared/
                    -si8051Base;D:/SiliconLabs/SimplicityStudio/v4/developer/sdks/8051/v4.1.7//Device/C8051F310/inc) PRINT(.\lmx2592.lst) CON
                    -D PAGEWIDTH(120) PAGELENGTH(65) OBJECT(.\lmx2592.OBJ)

line level    source

   1          /*
   2           * lmx2592.c
   3           *
   4           *  Created on: 2020Äê4ÔÂ22ÈÕ
   5           *      Author: wrangler
   6           */
   7          #include "c8051F310.h"
   8          
   9          #define CS_1 (P1 |= 0x02)
  10          #define CS_0 (P1 &= ~0x02)
  11          
  12          #define CLK_1 (P0 |= 0x08)
  13          #define CLK_0 (P0 &= ~0x08)
  14          
  15          #define DAT_1 (P0 |= 0x10)
  16          #define DAT_0 (P0 &= ~0x10)
  17          
  18          #define FREQ (P0 & 0x04)
  19          
  20          
  21          //unsigned int lmx2592[34] = {0,0x2206,
  22          //                                                              9,0x0302,
  23          //                                                              10,0x10d8,//0x12d8,
  24          //                                                              12,0x7001,
  25          //                                                              11,0x0018,//0x0058,
  26          //                                                              30,0x0035,
  27          //                                                              38,0x0062,//freq=0
  28          //                                                              44,0x0000,
  29          //                                                              45,0x0000,//freq=0
  30          //                                                              40,0x0000,
  31          //                                                              41,0x2710,
  32          //                                                              34,0xc3ca,
  33          //                                                              31,0x0481,
  34          //                                                              36,0x0000,
  35          //                                                              46,0x3fa3,
  36          //                                                              47,0x08c0,
  37          //                                                              0,0x220c};
  38          
  39          unsigned int lmx2592[34] = {0,0x2206,
  40                                                                          9,0x0b02,
  41                                                                          10,0x10d8,
  42                                                                          12,0x7001,
  43                                                                          11,0x0018,
  44                                                                          30,0x0035,
  45                                                                          38,0x0030,//freq=0
  46                                                                          44,0x0000,
  47                                                                          45,0xc350,//freq=0
  48                                                                          40,0x0001,
  49                                                                          41,0x86a0,
  50                                                                          34,0xc3ca,
  51                                                                          31,0x0481,
  52                                                                          36,0x0000,
C51 COMPILER V9.60.0.0   LMX2592                                                           04/27/2020 20:53:11 PAGE 2   

  53                                                                          46,0x3fa3,
  54                                                                          47,0x08c0,
  55                                                                          0,0x220c};
  56          
  57          //unsigned short lmx2592[64] = {0x40,0x0077,0x3f,0x00a8,0x0000,0x0001,0x0000,0x03fc,0x08cf,0x1fa3,
  58          //                                                              0x0000,0x0000,0x0000,0x0000,0x2710,0x0000,0x8204,0x0062,
  59          //                                                              0x5000,0x0000,0x001d,0xc3ca,0x2a0a,0x210a,0x0481,0x0035,
  60          //                                                              0x0084,0x2924,0x0000,0x0509,0x8842,0x2300,      ,0x012c,
  61          //                                                              0x0965,0x0ffc,0x4000,0x7001,0x0058,0x12d8,0x0302,0x1084,
  62          //                                                              0x28b2,      ,        ,0x1943,0x0500,0x0808,0x220c}
  63          
  64          
  65          //unsigned short lmx2592_2[32] = {0,0x2306,
  66          //                                                                      9,0x0302,
  67          //                                                                      10,0x12d8,
  68          //                                                                      12,0x7001,
  69          //                                                                      11,0x0058,
  70          //                                    30,0x0035,
  71          //                                                                      38,0x001c,//freq=1
  72          //                                                                      44,0x0000,
  73          //                                                                      45,0x0c35,//freq=1
  74          //                                                                      40,0x0000,
  75          //                                                                      41,0x4e20,
  76          //                                                                      34,0xc3ca,
  77          //                                                                      31,0x0481,
  78          //                                                                      36,0x0000,
  79          //                                                                      47,0x08c0,
  80          //                                                                      0,0x230e};
  81          
  82          unsigned char freq = 0xff;
  83          
  84          void lmx2592_Reset()
  85          {
  86   1              CS_1;
  87   1              CLK_1;
  88   1              DAT_1;
  89   1      }
  90          
  91          void lmx2592_WriteReg(unsigned char addr,unsigned int reg)
  92          {
  93   1              unsigned char i;
  94   1              unsigned long var;
  95   1      
  96   1              var = addr;
  97   1              var = (var << 16);
  98   1              var |= reg;
  99   1      
 100   1              CS_0;
 101   1              for(i=0;i<24;i++)
 102   1              {
 103   2                      if((var & 0x800000) == 0x800000)
 104   2                              DAT_1;
 105   2                      else DAT_0;
 106   2                      CLK_0;
 107   2                      CLK_1;
 108   2      
 109   2                      var = (var << 1);
 110   2              }
 111   1              CS_1;
 112   1      }
 113          
 114          void lmx2592_Config()
 115          {
C51 COMPILER V9.60.0.0   LMX2592                                                           04/27/2020 20:53:11 PAGE 3   

 116   1              unsigned char i;
 117   1      
 118   1              if(freq == FREQ)
 119   1                      return;
 120   1      
 121   1              freq = FREQ;
 122   1      
 123   1              if(freq == 0)
 124   1              {
 125   2                      lmx2592[13] = 0x0030;
 126   2                      lmx2592[17] = 0xc350;
 127   2      //              lmx2592[13] = 0x0026;//R38
 128   2      //              lmx2592[15] = 0x0009;//R44
 129   2      //              lmx2592[17] = 0x27C0;//R45
 130   2              }
 131   1              else
 132   1              {
 133   2                      lmx2592[13] = 0x0038;
 134   2                      lmx2592[17] = 0x3d09;
 135   2      
 136   2      //              lmx2592[13] = 0x002C;//R38
 137   2      //              lmx2592[15] = 0x0008;//R44
 138   2      //              lmx2592[17] = 0x02C8;//R45
 139   2              }
 140   1      
 141   1              for(i=0;i<17;i++)
 142   1              {
 143   2                      lmx2592_WriteReg(lmx2592[2*i],lmx2592[2*i+1]);
 144   2              }
 145   1      
 146   1              /*
 147   1              lmx2592_WriteReg(0x40,0x0077);
 148   1              lmx2592_WriteReg(0x3f,0x00a8);
 149   1              lmx2592_WriteReg(0x3e,0x0000);
 150   1              lmx2592_WriteReg(0x3d,0x0001);
 151   1              lmx2592_WriteReg(0x3b,0x0000);
 152   1              lmx2592_WriteReg(0x30,0x03fc);
 153   1              lmx2592_WriteReg(0x2f,0x08cf);
 154   1              lmx2592_WriteReg(0x2e,0x1fa3);
 155   1              lmx2592_WriteReg(0x2d,0x0000);
 156   1              lmx2592_WriteReg(0x2c,0x0000);
 157   1              lmx2592_WriteReg(0x2b,0x0000);
 158   1              lmx2592_WriteReg(0x2a,0x0000);
 159   1              lmx2592_WriteReg(0x29,0x2710);
 160   1              lmx2592_WriteReg(0x28,0x0000);
 161   1              lmx2592_WriteReg(0x27,0x8204);
 162   1              lmx2592_WriteReg(0x26,0x0062);
 163   1              lmx2592_WriteReg(0x25,0x5000);
 164   1              lmx2592_WriteReg(0x24,0x0000);
 165   1              lmx2592_WriteReg(0x23,0x001d);
 166   1              lmx2592_WriteReg(0x22,0xc3ca);
 167   1              lmx2592_WriteReg(0x21,0x2a0a);
 168   1              lmx2592_WriteReg(0x20,0x210a);
 169   1              lmx2592_WriteReg(0x1f,0x0481);
 170   1              lmx2592_WriteReg(0x1e,0x0035);
 171   1              lmx2592_WriteReg(0x1d,0x0084);
 172   1              lmx2592_WriteReg(0x1c,0x2924);
 173   1              lmx2592_WriteReg(0x19,0x0000);
 174   1              lmx2592_WriteReg(0x18,0x0509);
 175   1              lmx2592_WriteReg(0x17,0x8842);
 176   1              lmx2592_WriteReg(0x16,0x2300);
 177   1              lmx2592_WriteReg(0x14,0x012c);
 178   1              lmx2592_WriteReg(0x13,0x0965);
C51 COMPILER V9.60.0.0   LMX2592                                                           04/27/2020 20:53:11 PAGE 4   

 179   1              lmx2592_WriteReg(0x0e,0x0ffc);
 180   1              lmx2592_WriteReg(0x0d,0x4000);
 181   1              lmx2592_WriteReg(0x0c,0x7001);
 182   1              lmx2592_WriteReg(0x0b,0x0058);
 183   1              lmx2592_WriteReg(0x0a,0x12d8);
 184   1              lmx2592_WriteReg(0x09,0x0302);
 185   1              lmx2592_WriteReg(0x08,0x1084);
 186   1              lmx2592_WriteReg(0x07,0x28b2);
 187   1              lmx2592_WriteReg(0x04,0x1943);
 188   1              lmx2592_WriteReg(0x02,0x0500);
 189   1              lmx2592_WriteReg(0x01,0x0808);
 190   1              lmx2592_WriteReg(0x00,0x220c);*/
 191   1      }
 192          
 193          


MODULE INFORMATION:   STATIC OVERLAYABLE
   CODE SIZE        =    232    ----
   CONSTANT SIZE    =   ----    ----
   XDATA SIZE       =   ----    ----
   PDATA SIZE       =   ----    ----
   DATA SIZE        =     69       6
   IDATA SIZE       =   ----    ----
   BIT SIZE         =   ----    ----
   EDATA SIZE       =   ----    ----
   HDATA SIZE       =   ----    ----
   XDATA CONST SIZE =   ----    ----
   FAR CONST SIZE   =   ----    ----
END OF MODULE INFORMATION.


C51 COMPILATION COMPLETE.  0 WARNING(S),  0 ERROR(S)
